// Jest Snapshot v1, https://goo.gl/fbAQLP

exports[`boolean assign (2) 1`] = `
Program {
  "children": Array [
    ExpressionStatement {
      "expression": Assign {
        "kind": "assign",
        "left": Variable {
          "curly": false,
          "kind": "variable",
          "name": "var",
        },
        "operator": "=",
        "right": Boolean {
          "kind": "boolean",
          "raw": "false",
          "value": false,
        },
      },
      "kind": "expressionstatement",
    },
  ],
  "errors": Array [],
  "kind": "program",
}
`;

exports[`boolean assign 1`] = `
Program {
  "children": Array [
    ExpressionStatement {
      "expression": Assign {
        "kind": "assign",
        "left": Variable {
          "curly": false,
          "kind": "variable",
          "name": "var",
        },
        "operator": "=",
        "right": Boolean {
          "kind": "boolean",
          "raw": "true",
          "value": true,
        },
      },
      "kind": "expressionstatement",
    },
  ],
  "errors": Array [],
  "kind": "program",
}
`;
