// Jest Snapshot v1, https://goo.gl/fbAQLP

exports[`echo multiple 1`] = `
Program {
  "children": Array [
    Echo {
      "expressions": Array [
        String {
          "isDoubleQuote": true,
          "kind": "string",
          "raw": "\\"string\\"",
          "unicode": false,
          "value": "string",
        },
        String {
          "isDoubleQuote": true,
          "kind": "string",
          "raw": "\\"string\\"",
          "unicode": false,
          "value": "string",
        },
      ],
      "kind": "echo",
      "shortForm": false,
    },
  ],
  "errors": Array [],
  "kind": "program",
}
`;

exports[`echo simple 1`] = `
Program {
  "children": Array [
    Echo {
      "expressions": Array [
        String {
          "isDoubleQuote": true,
          "kind": "string",
          "raw": "\\"string\\"",
          "unicode": false,
          "value": "string",
        },
      ],
      "kind": "echo",
      "shortForm": false,
    },
  ],
  "errors": Array [],
  "kind": "program",
}
`;
