// Jest Snapshot v1, https://goo.gl/fbAQLP

exports[`eval simple 1`] = `
Program {
  "children": Array [
    ExpressionStatement {
      "expression": Eval {
        "kind": "eval",
        "source": String {
          "isDoubleQuote": true,
          "kind": "string",
          "raw": "\\"command\\"",
          "unicode": false,
          "value": "command",
        },
      },
      "kind": "expressionstatement",
    },
  ],
  "errors": Array [],
  "kind": "program",
}
`;
