// Jest Snapshot v1, https://goo.gl/fbAQLP

exports[`silent simple 1`] = `
Program {
  "children": Array [
    ExpressionStatement {
      "expression": Silent {
        "expr": Call {
          "arguments": Array [],
          "kind": "call",
          "what": Name {
            "kind": "name",
            "name": "call",
            "resolution": "uqn",
          },
        },
        "kind": "silent",
      },
      "kind": "expressionstatement",
    },
  ],
  "errors": Array [],
  "kind": "program",
}
`;
