// Jest Snapshot v1, https://goo.gl/fbAQLP

exports[`Test tokens statements hello world 1`] = `
Program {
  "children": Array [
    Inline {
      "kind": "inline",
      "raw": "Hello ",
      "value": "Hello ",
    },
    Echo {
      "expressions": Array [
        Variable {
          "curly": false,
          "kind": "variable",
          "name": "world",
        },
      ],
      "kind": "echo",
      "shortForm": true,
    },
  ],
  "errors": Array [],
  "kind": "program",
  "tokens": Array [
    Array [
      "T_INLINE_HTML",
      "Hello ",
      1,
      0,
      6,
    ],
    Array [
      "T_OPEN_TAG_WITH_ECHO",
      "<?=",
      1,
      6,
      9,
    ],
    Array [
      "T_WHITESPACE",
      " ",
      1,
      9,
      10,
    ],
    Array [
      "T_VARIABLE",
      "$world",
      1,
      10,
      16,
    ],
    Array [
      null,
      ";",
      1,
      16,
      17,
    ],
    Array [
      "T_WHITESPACE",
      " ",
      1,
      17,
      18,
    ],
    Array [
      "T_CLOSE_TAG",
      "?>",
      1,
      18,
      20,
    ],
  ],
}
`;
